OpenJDK 64-Bit Server VM (25.144-b01) for linux-amd64 JRE (1.8.0_144-b01), built on Jul 28 2017 20:07:18 by "builduser" with gcc 7.1.1 20170630
Memory: 4k page, physical 7611412k(373752k free), swap 26395736k(26394968k free)
CommandLine flags: -XX:+DisableExplicitGC -XX:InitialHeapSize=1073741824 -XX:InitiatingHeapOccupancyPercent=35 -XX:+ManagementServer -XX:MaxGCPauseMillis=20 -XX:MaxHeapSize=1073741824 -XX:+PrintGC -XX:+PrintGCDateStamps -XX:+PrintGCDetails -XX:+PrintGCTimeStamps -XX:+UseCompressedClassPointers -XX:+UseCompressedOops -XX:+UseG1GC 
2017-10-25T05:14:06.171-0500: 0.877: [GC pause (GCLocker Initiated GC) (young), 0.0079891 secs]
   [Parallel Time: 5.0 ms, GC Workers: 8]
      [GC Worker Start (ms): Min: 877.2, Avg: 877.4, Max: 878.3, Diff: 1.0]
      [Ext Root Scanning (ms): Min: 0.0, Avg: 1.0, Max: 2.3, Diff: 2.3, Sum: 7.9]
      [Update RS (ms): Min: 0.0, Avg: 0.0, Max: 0.0, Diff: 0.0, Sum: 0.0]
         [Processed Buffers: Min: 0, Avg: 0.0, Max: 0, Diff: 0, Sum: 0]
      [Scan RS (ms): Min: 0.0, Avg: 0.0, Max: 0.0, Diff: 0.0, Sum: 0.1]
      [Code Root Scanning (ms): Min: 0.0, Avg: 1.0, Max: 4.0, Diff: 4.0, Sum: 7.9]
      [Object Copy (ms): Min: 0.1, Avg: 2.4, Max: 3.7, Diff: 3.5, Sum: 19.1]
      [Termination (ms): Min: 0.0, Avg: 0.4, Max: 0.5, Diff: 0.5, Sum: 3.3]
         [Termination Attempts: Min: 1, Avg: 23.5, Max: 54, Diff: 53, Sum: 188]
      [GC Worker Other (ms): Min: 0.0, Avg: 0.0, Max: 0.0, Diff: 0.0, Sum: 0.1]
      [GC Worker Total (ms): Min: 3.9, Avg: 4.8, Max: 5.0, Diff: 1.0, Sum: 38.5]
      [GC Worker End (ms): Min: 882.2, Avg: 882.2, Max: 882.2, Diff: 0.0]
   [Code Root Fixup: 0.1 ms]
   [Code Root Purge: 0.0 ms]
   [Clear CT: 0.1 ms]
   [Other: 2.7 ms]
      [Choose CSet: 0.0 ms]
      [Ref Proc: 2.3 ms]
      [Ref Enq: 0.0 ms]
      [Redirty Cards: 0.1 ms]
      [Humongous Register: 0.1 ms]
      [Humongous Reclaim: 0.0 ms]
      [Free CSet: 0.1 ms]
   [Eden: 51.0M(51.0M)->0.0B(44.0M) Survivors: 0.0B->7168.0K Heap: 51.0M(1024.0M)->9155.0K(1024.0M)]
 [Times: user=0.02 sys=0.01, real=0.01 secs] 
2017-10-25T05:14:29.351-0500: 24.057: [GC pause (Metadata GC Threshold) (young) (initial-mark), 0.0061270 secs]
   [Parallel Time: 3.6 ms, GC Workers: 8]
      [GC Worker Start (ms): Min: 24057.0, Avg: 24057.0, Max: 24057.1, Diff: 0.1]
      [Ext Root Scanning (ms): Min: 0.7, Avg: 0.8, Max: 1.0, Diff: 0.4, Sum: 6.6]
      [Update RS (ms): Min: 0.0, Avg: 0.0, Max: 0.2, Diff: 0.2, Sum: 0.4]
         [Processed Buffers: Min: 0, Avg: 0.2, Max: 1, Diff: 1, Sum: 2]
      [Scan RS (ms): Min: 0.0, Avg: 0.0, Max: 0.0, Diff: 0.0, Sum: 0.0]
      [Code Root Scanning (ms): Min: 0.0, Avg: 0.5, Max: 2.6, Diff: 2.6, Sum: 4.2]
      [Object Copy (ms): Min: 0.2, Avg: 1.9, Max: 2.5, Diff: 2.3, Sum: 15.5]
      [Termination (ms): Min: 0.0, Avg: 0.2, Max: 0.2, Diff: 0.2, Sum: 1.2]
         [Termination Attempts: Min: 1, Avg: 2.5, Max: 5, Diff: 4, Sum: 20]
      [GC Worker Other (ms): Min: 0.0, Avg: 0.0, Max: 0.0, Diff: 0.0, Sum: 0.1]
      [GC Worker Total (ms): Min: 3.4, Avg: 3.5, Max: 3.6, Diff: 0.2, Sum: 28.0]
      [GC Worker End (ms): Min: 24060.5, Avg: 24060.5, Max: 24060.5, Diff: 0.0]
   [Code Root Fixup: 0.3 ms]
   [Code Root Purge: 0.0 ms]
   [Clear CT: 0.2 ms]
   [Other: 2.0 ms]
      [Choose CSet: 0.0 ms]
      [Ref Proc: 1.5 ms]
      [Ref Enq: 0.0 ms]
      [Redirty Cards: 0.2 ms]
      [Humongous Register: 0.0 ms]
      [Humongous Reclaim: 0.0 ms]
      [Free CSet: 0.1 ms]
   [Eden: 34.0M(44.0M)->0.0B(44.0M) Survivors: 7168.0K->7168.0K Heap: 42.2M(1024.0M)->10.7M(1024.0M)]
 [Times: user=0.02 sys=0.00, real=0.01 secs] 
2017-10-25T05:14:29.357-0500: 24.063: [GC concurrent-root-region-scan-start]
2017-10-25T05:14:29.360-0500: 24.066: [GC concurrent-root-region-scan-end, 0.0027186 secs]
2017-10-25T05:14:29.360-0500: 24.066: [GC concurrent-mark-start]
2017-10-25T05:14:29.361-0500: 24.066: [GC concurrent-mark-end, 0.0005316 secs]
2017-10-25T05:14:29.361-0500: 24.067: [GC remark 2017-10-25T05:14:29.361-0500: 24.067: [Finalize Marking, 0.0002971 secs] 2017-10-25T05:14:29.361-0500: 24.067: [GC ref-proc, 0.0001056 secs] 2017-10-25T05:14:29.361-0500: 24.067: [Unloading, 0.0018303 secs], 0.0024995 secs]
 [Times: user=0.01 sys=0.00, real=0.00 secs] 
2017-10-25T05:14:29.363-0500: 24.069: [GC cleanup 10M->9960K(1024M), 0.0006269 secs]
 [Times: user=0.00 sys=0.00, real=0.00 secs] 
2017-10-25T05:14:29.364-0500: 24.070: [GC concurrent-cleanup-start]
2017-10-25T05:14:29.364-0500: 24.070: [GC concurrent-cleanup-end, 0.0000137 secs]
2017-10-25T05:51:59.162-0500: 796.970: [GC pause (G1 Evacuation Pause) (young), 0.0111696 secs]
   [Parallel Time: 7.9 ms, GC Workers: 8]
      [GC Worker Start (ms): Min: 796970.0, Avg: 796970.1, Max: 796970.2, Diff: 0.3]
      [Ext Root Scanning (ms): Min: 0.4, Avg: 0.8, Max: 3.1, Diff: 2.8, Sum: 6.2]
      [Update RS (ms): Min: 0.0, Avg: 0.3, Max: 1.5, Diff: 1.5, Sum: 2.4]
         [Processed Buffers: Min: 0, Avg: 0.6, Max: 1, Diff: 1, Sum: 5]
      [Scan RS (ms): Min: 0.0, Avg: 0.0, Max: 0.0, Diff: 0.0, Sum: 0.1]
      [Code Root Scanning (ms): Min: 0.0, Avg: 1.1, Max: 3.0, Diff: 3.0, Sum: 9.1]
      [Object Copy (ms): Min: 3.9, Avg: 5.2, Max: 6.6, Diff: 2.6, Sum: 41.8]
      [Termination (ms): Min: 0.0, Avg: 0.0, Max: 0.1, Diff: 0.1, Sum: 0.3]
         [Termination Attempts: Min: 1, Avg: 107.4, Max: 145, Diff: 144, Sum: 859]
      [GC Worker Other (ms): Min: 0.0, Avg: 0.0, Max: 0.0, Diff: 0.0, Sum: 0.2]
      [GC Worker Total (ms): Min: 7.4, Avg: 7.5, Max: 7.7, Diff: 0.3, Sum: 60.1]
      [GC Worker End (ms): Min: 796977.6, Avg: 796977.6, Max: 796977.6, Diff: 0.0]
   [Code Root Fixup: 0.7 ms]
   [Code Root Purge: 0.0 ms]
   [Clear CT: 0.5 ms]
   [Other: 2.0 ms]
      [Choose CSet: 0.0 ms]
      [Ref Proc: 1.0 ms]
      [Ref Enq: 0.0 ms]
      [Redirty Cards: 0.5 ms]
      [Humongous Register: 0.1 ms]
      [Humongous Reclaim: 0.0 ms]
      [Free CSet: 0.2 ms]
   [Eden: 44.0M(44.0M)->0.0B(45.0M) Survivors: 7168.0K->6144.0K Heap: 53.7M(1024.0M)->8936.5K(1024.0M)]
 [Times: user=0.06 sys=0.00, real=0.01 secs] 
2017-10-25T06:33:18.405-0500: 3276.213: [GC pause (G1 Evacuation Pause) (young), 0.0111592 secs]
   [Parallel Time: 8.1 ms, GC Workers: 8]
      [GC Worker Start (ms): Min: 3276212.8, Avg: 3276213.0, Max: 3276213.7, Diff: 0.9]
      [Ext Root Scanning (ms): Min: 0.0, Avg: 0.6, Max: 2.5, Diff: 2.5, Sum: 4.7]
      [Update RS (ms): Min: 0.0, Avg: 0.1, Max: 0.3, Diff: 0.3, Sum: 0.7]
         [Processed Buffers: Min: 0, Avg: 0.4, Max: 1, Diff: 1, Sum: 3]
      [Scan RS (ms): Min: 0.0, Avg: 0.0, Max: 0.0, Diff: 0.0, Sum: 0.1]
      [Code Root Scanning (ms): Min: 0.0, Avg: 1.1, Max: 4.2, Diff: 4.2, Sum: 9.1]
      [Object Copy (ms): Min: 2.8, Avg: 5.9, Max: 7.1, Diff: 4.3, Sum: 47.1]
      [Termination (ms): Min: 0.0, Avg: 0.1, Max: 0.1, Diff: 0.1, Sum: 0.9]
         [Termination Attempts: Min: 1, Avg: 73.1, Max: 105, Diff: 104, Sum: 585]
      [GC Worker Other (ms): Min: 0.0, Avg: 0.0, Max: 0.0, Diff: 0.0, Sum: 0.1]
      [GC Worker Total (ms): Min: 7.2, Avg: 7.8, Max: 8.0, Diff: 0.8, Sum: 62.6]
      [GC Worker End (ms): Min: 3276220.8, Avg: 3276220.8, Max: 3276220.8, Diff: 0.0]
   [Code Root Fixup: 1.1 ms]
   [Code Root Purge: 0.0 ms]
   [Clear CT: 0.4 ms]
   [Other: 1.5 ms]
      [Choose CSet: 0.0 ms]
      [Ref Proc: 1.0 ms]
      [Ref Enq: 0.0 ms]
      [Redirty Cards: 0.2 ms]
      [Humongous Register: 0.0 ms]
      [Humongous Reclaim: 0.0 ms]
      [Free CSet: 0.2 ms]
   [Eden: 45.0M(45.0M)->0.0B(46.0M) Survivors: 6144.0K->5120.0K Heap: 53.7M(1024.0M)->10.6M(1024.0M)]
 [Times: user=0.06 sys=0.00, real=0.01 secs] 
2017-10-25T07:10:23.405-0500: 5501.213: [GC pause (G1 Evacuation Pause) (young), 0.0059422 secs]
   [Parallel Time: 4.0 ms, GC Workers: 8]
      [GC Worker Start (ms): Min: 5501213.0, Avg: 5501213.1, Max: 5501213.2, Diff: 0.2]
      [Ext Root Scanning (ms): Min: 0.4, Avg: 0.6, Max: 1.4, Diff: 0.9, Sum: 5.1]
      [Update RS (ms): Min: 0.1, Avg: 0.8, Max: 1.2, Diff: 1.2, Sum: 6.7]
         [Processed Buffers: Min: 1, Avg: 3.1, Max: 13, Diff: 12, Sum: 25]
      [Scan RS (ms): Min: 0.0, Avg: 0.2, Max: 0.4, Diff: 0.4, Sum: 1.4]
      [Code Root Scanning (ms): Min: 0.0, Avg: 0.2, Max: 0.5, Diff: 0.5, Sum: 1.4]
      [Object Copy (ms): Min: 1.8, Avg: 2.0, Max: 2.1, Diff: 0.3, Sum: 15.7]
      [Termination (ms): Min: 0.0, Avg: 0.0, Max: 0.0, Diff: 0.0, Sum: 0.0]
         [Termination Attempts: Min: 1, Avg: 2.1, Max: 3, Diff: 2, Sum: 17]
      [GC Worker Other (ms): Min: 0.0, Avg: 0.0, Max: 0.0, Diff: 0.0, Sum: 0.1]
      [GC Worker Total (ms): Min: 3.7, Avg: 3.8, Max: 3.9, Diff: 0.2, Sum: 30.4]
      [GC Worker End (ms): Min: 5501216.9, Avg: 5501216.9, Max: 5501216.9, Diff: 0.0]
   [Code Root Fixup: 0.3 ms]
   [Code Root Purge: 0.0 ms]
   [Clear CT: 0.3 ms]
   [Other: 1.3 ms]
      [Choose CSet: 0.0 ms]
      [Ref Proc: 0.6 ms]
      [Ref Enq: 0.0 ms]
      [Redirty Cards: 0.3 ms]
      [Humongous Register: 0.0 ms]
      [Humongous Reclaim: 0.0 ms]
      [Free CSet: 0.1 ms]
   [Eden: 46.0M(46.0M)->0.0B(46.0M) Survivors: 5120.0K->5120.0K Heap: 56.6M(1024.0M)->10015.6K(1024.0M)]
 [Times: user=0.03 sys=0.00, real=0.00 secs] 
2017-10-25T07:45:40.348-0500: 7618.156: [GC pause (G1 Evacuation Pause) (young), 0.0071950 secs]
   [Parallel Time: 4.3 ms, GC Workers: 8]
      [GC Worker Start (ms): Min: 7618155.9, Avg: 7618156.0, Max: 7618156.2, Diff: 0.3]
      [Ext Root Scanning (ms): Min: 0.3, Avg: 0.6, Max: 1.1, Diff: 0.7, Sum: 4.4]
      [Update RS (ms): Min: 0.0, Avg: 0.3, Max: 0.6, Diff: 0.6, Sum: 2.4]
         [Processed Buffers: Min: 0, Avg: 2.6, Max: 14, Diff: 14, Sum: 21]
      [Scan RS (ms): Min: 0.0, Avg: 0.0, Max: 0.0, Diff: 0.0, Sum: 0.1]
      [Code Root Scanning (ms): Min: 0.0, Avg: 0.2, Max: 0.9, Diff: 0.9, Sum: 1.8]
      [Object Copy (ms): Min: 2.1, Avg: 2.7, Max: 3.0, Diff: 0.8, Sum: 21.7]
      [Termination (ms): Min: 0.0, Avg: 0.0, Max: 0.0, Diff: 0.0, Sum: 0.0]
         [Termination Attempts: Min: 1, Avg: 2.0, Max: 4, Diff: 3, Sum: 16]
      [GC Worker Other (ms): Min: 0.0, Avg: 0.0, Max: 0.0, Diff: 0.0, Sum: 0.2]
      [GC Worker Total (ms): Min: 3.7, Avg: 3.8, Max: 4.0, Diff: 0.3, Sum: 30.6]
      [GC Worker End (ms): Min: 7618159.9, Avg: 7618159.9, Max: 7618159.9, Diff: 0.0]
   [Code Root Fixup: 0.3 ms]
   [Code Root Purge: 0.0 ms]
   [Clear CT: 0.4 ms]
   [Other: 2.1 ms]
      [Choose CSet: 0.0 ms]
      [Ref Proc: 1.3 ms]
      [Ref Enq: 0.0 ms]
      [Redirty Cards: 0.4 ms]
      [Humongous Register: 0.0 ms]
      [Humongous Reclaim: 0.0 ms]
      [Free CSet: 0.1 ms]
   [Eden: 46.0M(46.0M)->0.0B(50.0M) Survivors: 5120.0K->4096.0K Heap: 55.8M(1024.0M)->9581.4K(1024.0M)]
 [Times: user=0.03 sys=0.00, real=0.01 secs] 
2017-10-25T08:24:31.890-0500: 9949.698: [GC pause (G1 Evacuation Pause) (young), 0.0059961 secs]
   [Parallel Time: 4.3 ms, GC Workers: 8]
      [GC Worker Start (ms): Min: 9949698.5, Avg: 9949699.1, Max: 9949702.6, Diff: 4.0]
      [Ext Root Scanning (ms): Min: 0.0, Avg: 0.9, Max: 3.9, Diff: 3.9, Sum: 6.9]
      [Update RS (ms): Min: 0.0, Avg: 0.2, Max: 0.6, Diff: 0.6, Sum: 1.8]
         [Processed Buffers: Min: 0, Avg: 2.5, Max: 11, Diff: 11, Sum: 20]
      [Scan RS (ms): Min: 0.0, Avg: 0.0, Max: 0.0, Diff: 0.0, Sum: 0.1]
      [Code Root Scanning (ms): Min: 0.0, Avg: 0.2, Max: 0.5, Diff: 0.5, Sum: 1.2]
      [Object Copy (ms): Min: 0.0, Avg: 2.1, Max: 3.0, Diff: 3.0, Sum: 16.6]
      [Termination (ms): Min: 0.0, Avg: 0.2, Max: 0.4, Diff: 0.4, Sum: 1.8]
         [Termination Attempts: Min: 1, Avg: 12.0, Max: 21, Diff: 20, Sum: 96]
      [GC Worker Other (ms): Min: 0.0, Avg: 0.0, Max: 0.0, Diff: 0.0, Sum: 0.1]
      [GC Worker Total (ms): Min: 0.1, Avg: 3.6, Max: 4.2, Diff: 4.1, Sum: 28.5]
      [GC Worker End (ms): Min: 9949702.6, Avg: 9949702.7, Max: 9949702.8, Diff: 0.2]
   [Code Root Fixup: 0.3 ms]
   [Code Root Purge: 0.0 ms]
   [Clear CT: 0.1 ms]
   [Other: 1.3 ms]
      [Choose CSet: 0.0 ms]
      [Ref Proc: 0.8 ms]
      [Ref Enq: 0.0 ms]
      [Redirty Cards: 0.1 ms]
      [Humongous Register: 0.0 ms]
      [Humongous Reclaim: 0.0 ms]
      [Free CSet: 0.1 ms]
   [Eden: 50.0M(50.0M)->0.0B(62.0M) Survivors: 4096.0K->5120.0K Heap: 59.4M(1024.0M)->10.1M(1024.0M)]
 [Times: user=0.03 sys=0.00, real=0.01 secs] 
2017-10-25T09:09:00.569-0500: 12618.377: [GC pause (G1 Evacuation Pause) (young), 0.0079347 secs]
   [Parallel Time: 4.9 ms, GC Workers: 8]
      [GC Worker Start (ms): Min: 12618377.1, Avg: 12618377.2, Max: 12618377.3, Diff: 0.2]
      [Ext Root Scanning (ms): Min: 0.4, Avg: 0.6, Max: 1.2, Diff: 0.8, Sum: 4.5]
      [Update RS (ms): Min: 0.0, Avg: 0.3, Max: 0.7, Diff: 0.7, Sum: 2.5]
         [Processed Buffers: Min: 0, Avg: 2.6, Max: 13, Diff: 13, Sum: 21]
      [Scan RS (ms): Min: 0.0, Avg: 0.0, Max: 0.0, Diff: 0.0, Sum: 0.1]
      [Code Root Scanning (ms): Min: 0.0, Avg: 0.3, Max: 1.6, Diff: 1.6, Sum: 2.7]
      [Object Copy (ms): Min: 1.8, Avg: 2.9, Max: 3.4, Diff: 1.5, Sum: 23.3]
      [Termination (ms): Min: 0.0, Avg: 0.0, Max: 0.0, Diff: 0.0, Sum: 0.0]
         [Termination Attempts: Min: 1, Avg: 1.9, Max: 2, Diff: 1, Sum: 15]
      [GC Worker Other (ms): Min: 0.0, Avg: 0.0, Max: 0.0, Diff: 0.0, Sum: 0.2]
      [GC Worker Total (ms): Min: 4.0, Avg: 4.2, Max: 4.3, Diff: 0.2, Sum: 33.3]
      [GC Worker End (ms): Min: 12618381.4, Avg: 12618381.4, Max: 12618381.4, Diff: 0.0]
   [Code Root Fixup: 0.2 ms]
   [Code Root Purge: 0.0 ms]
   [Clear CT: 0.6 ms]
   [Other: 2.2 ms]
      [Choose CSet: 0.0 ms]
      [Ref Proc: 1.0 ms]
      [Ref Enq: 0.0 ms]
      [Redirty Cards: 0.7 ms]
      [Humongous Register: 0.0 ms]
      [Humongous Reclaim: 0.0 ms]
      [Free CSet: 0.1 ms]
   [Eden: 62.0M(62.0M)->0.0B(357.0M) Survivors: 5120.0K->3072.0K Heap: 72.1M(1024.0M)->8597.8K(1024.0M)]
 [Times: user=0.04 sys=0.00, real=0.01 secs] 
